Microchip MPLAB XC8 Compiler V2.20

Linker command line:

-W-3 --edf=C:\Program Files\Microchip\xc8\v2.20\pic\dat\en_msgs.txt -cn \
  -h+dist/default/production\Assignment2.X.production.sym \
  --cmf=dist/default/production\Assignment2.X.production.cmf -z -Q18F4620 \
  -oC:\Users\hp\AppData\Local\Temp\sc08.2 \
  -Mdist/default/production/Assignment2.X.production.map -E1 \
  -ver=XC8 Compiler -ASTACK=0188h-0F7Fh -pstack=STACK -ACODE=00h-0FFFFh \
  -ACONST=00h-0FFFFh -ASMALLCONST=01000h-010FFhx240 \
  -AMEDIUMCONST=01000h-0FFFFh -ACOMRAM=01h-07Fh -AABS1=00h-0F7Fh \
  -ABIGRAM=01h-0F7Fh -ARAM=080h-0FFh,0100h-01FFhx14,0F00h-0F7Fh \
  -ABANK0=080h-0FFh -ABANK1=0100h-01FFh -ABANK2=0200h-02FFh \
  -ABANK3=0300h-03FFh -ABANK4=0400h-04FFh -ABANK5=0500h-05FFh \
  -ABANK6=0600h-06FFh -ABANK7=0700h-07FFh -ABANK8=0800h-08FFh \
  -ABANK9=0900h-09FFh -ABANK10=0A00h-0AFFh -ABANK11=0B00h-0BFFh \
  -ABANK12=0C00h-0CFFh -ABANK13=0D00h-0DFFh -ABANK14=0E00h-0EFFh \
  -ABANK15=0F00h-0F7Fh -ASFR=0F80h-0FFFh -ACONFIG=0300000h-030000Dh \
  -AIDLOC=0200000h-0200007h \
  -preset_vec=00h,intcode=08h,intcodelo,powerup,init -pramtop=01000h \
  -psmallconst=SMALLCONST -pmediumconst=MEDIUMCONST -pconst=CONST \
  -AFARRAM=00h-00h -AEEDATA=0F00000h-0F003FFh -peeprom_data=EEDATA \
  -prdata=COMRAM,nvrram=COMRAM,nvbit=COMRAM,rbss=COMRAM,rbit=COMRAM \
  -pfarbss=FARRAM,fardata=FARRAM,nvFARRAM=FARRAM \
  -pintsave_regs=BIGRAM,bigbss=BIGRAM,bigdata=BIGRAM -pbss=RAM \
  -pidata=CODE,irdata=CODE,ibigdata=CODE,ifardata=CODE -prparam=COMRAM \
  C:\Users\hp\AppData\Local\Temp\sc08.obj \
  dist/default/production\Assignment2.X.production.obj 

Object code version is 3.11

Machine type is 18F4620



                Name                               Link     Load   Length Selector   Space Scale
C:\Users\hp\AppData\Local\Temp\sc08.obj
                idloc                            200000   200000        8        0       5
                config                           300000   300000        E        0       4
                init                                  E        E        4        4       0
                reset_vec                             0        0        4        0       0
dist/default/production\Assignment2.X.production.obj
                intcode                               8        8        6        4       0
                idloc                            200000   200000        8        0       5
                config                           300000   300000        E        0       4
                temp                                 5F       5F        1        1       1
                mediumconst                        FE68     FE68      198     7F34       0
                text66                             34A0     34A0       20        4       0
                text65                             3580     3580       10        4       0
                text64                             3570     3570       10        4       0
                text63                             354E     354E       12        4       0
                text62                             353C     353C       12        4       0
                text61                             352A     352A       12        4       0
                text60                             34F2     34F2       14        4       0
                text59                             3518     3518       12        4       0
                text58                             2D30     2D30       74        4       0
                text57                             29D6     29D6       AE        4       0
                text56                             1D98     1D98      1A8        4       0
                text55                             31CC     31CC       40        4       0
                text54                             343A     343A       24        4       0
                text53                             269A     269A       E6        4       0
                text52                             24C0     24C0       F4        4       0
                text51                             2856     2856       D2        4       0
                text50                             3320     3320       2E        4       0
                text49                             2B1C     2B1C       98        4       0
                intcode_body                       1642     1642      218        4       0
                text47                             2928     2928       AE        4       0
                text46                             3414     3414       26        4       0
                text45                             337A     337A       28        4       0
                text44                             32BE     32BE       34        4       0
                text43                             33EE     33EE       26        4       0
                text42                             30AA     30AA       50        4       0
                text41                             3146     3146       44        4       0
                text40                             2F9E     2F9E       5C        4       0
                text39                             3052     3052       58        4       0
                text38                             1BF0     1BF0      1A8        4       0
                text37                             25B4     25B4       E6        4       0
                text36                             23CC     23CC       F4        4       0
                text35                             2780     2780       D6        4       0
                text34                             32F2     32F2       2E        4       0
                text33                             2A84     2A84       98        4       0
                text32                             2CBC     2CBC       74        4       0
                text31                             33C8     33C8       26        4       0
                text30                             318A     318A       42        4       0
                text29                             2C38     2C38       84        4       0
                text28                             2E7E     2E7E       68        4       0
                text27                             2F42     2F42       5C        4       0
                text26                             33A2     33A2       26        4       0
                text25                             22D6     22D6       F6        4       0
                text24                             21D8     21D8       FE        4       0
                text23                             324A     324A       3C        4       0
                text22                             334E     334E       2C        4       0
                text21                             185A     185A      1E8        4       0
                text20                             345E     345E       22        4       0
                text19                             2BB4     2BB4       84        4       0
                text18                             2DA4     2DA4       70        4       0
                text17                             12D6     12D6      36C        4       0
                text16                               12       12      C30        4       0
                text15                             1F40     1F40      196        4       0
                text14                             1A42     1A42      1AE        4       0
                text13                             3560     3560       10        4       0
                text12                             20D6     20D6      102        4       0
                text11                             3590     3590        C        4       0
                text10                             34DA     34DA       18        4       0
                text9                              2EE6     2EE6       5C        4       0
                text8                              3286     3286       38        4       0
                text7                              320C     320C       3E        4       0
                text6                              2E14     2E14       6A        4       0
                text5                              359C     359C        A        4       0
                text4                              3506     3506       12        4       0
                text3                              2FFA     2FFA       58        4       0
                text2                              34C0     34C0       1A        4       0
                text1                              3480     3480       20        4       0
                text0                               C42      C42      694        4       0
                cstackCOMRAM                          1        1       36        1       1
                cstackBANK0                          80       80       73       80       1
                cstackBANK1                         100      100       65      100       1
                bssBANK1                            165      165       20      100       1
                bssBANK0                             F3       F3        2       80       1
                dataCOMRAM                           59       59        6        1       1
                bssCOMRAM                            37       37       16        1       1
                cinit                              30FA     30FA       4C        4       0
                nvBANK1                             185      185        3      100       1
                nvCOMRAM                             4D       4D        C        1       1
                idataCOMRAM                        35A6     35A6        6        4       0

TOTAL           Name                               Link     Load   Length     Space
        CLASS   STACK          

        CLASS   CODE           
                intcode                               8        8        6         0
                init                                  E        E        4         0
                reset_vec                             0        0        4         0
                text66                             34A0     34A0       20         0
                text65                             3580     3580       10         0
                text64                             3570     3570       10         0
                text63                             354E     354E       12         0
                text62                             353C     353C       12         0
                text61                             352A     352A       12         0
                text60                             34F2     34F2       14         0
                text59                             3518     3518       12         0
                text58                             2D30     2D30       74         0
                text57                             29D6     29D6       AE         0
                text56                             1D98     1D98      1A8         0
                text55                             31CC     31CC       40         0
                text54                             343A     343A       24         0
                text53                             269A     269A       E6         0
                text52                             24C0     24C0       F4         0
                text51                             2856     2856       D2         0
                text50                             3320     3320       2E         0
                text49                             2B1C     2B1C       98         0
                intcode_body                       1642     1642      218         0
                text47                             2928     2928       AE         0
                text46                             3414     3414       26         0
                text45                             337A     337A       28         0
                text44                             32BE     32BE       34         0
                text43                             33EE     33EE       26         0
                text42                             30AA     30AA       50         0
                text41                             3146     3146       44         0
                text40                             2F9E     2F9E       5C         0
                text39                             3052     3052       58         0
                text38                             1BF0     1BF0      1A8         0
                text37                             25B4     25B4       E6         0
                text36                             23CC     23CC       F4         0
                text35                             2780     2780       D6         0
                text34                             32F2     32F2       2E         0
                text33                             2A84     2A84       98         0
                text32                             2CBC     2CBC       74         0
                text31                             33C8     33C8       26         0
                text30                             318A     318A       42         0
                text29                             2C38     2C38       84         0
                text28                             2E7E     2E7E       68         0
                text27                             2F42     2F42       5C         0
                text26                             33A2     33A2       26         0
                text25                             22D6     22D6       F6         0
                text24                             21D8     21D8       FE         0
                text23                             324A     324A       3C         0
                text22                             334E     334E       2C         0
                text21                             185A     185A      1E8         0
                text20                             345E     345E       22         0
                text19                             2BB4     2BB4       84         0
                text18                             2DA4     2DA4       70         0
                text17                             12D6     12D6      36C         0
                text16                               12       12      C30         0
                text15                             1F40     1F40      196         0
                text14                             1A42     1A42      1AE         0
                text13                             3560     3560       10         0
                text12                             20D6     20D6      102         0
                text11                             3590     3590        C         0
                text10                             34DA     34DA       18         0
                text9                              2EE6     2EE6       5C         0
                text8                              3286     3286       38         0
                text7                              320C     320C       3E         0
                text6                              2E14     2E14       6A         0
                text5                              359C     359C        A         0
                text4                              3506     3506       12         0
                text3                              2FFA     2FFA       58         0
                text2                              34C0     34C0       1A         0
                text1                              3480     3480       20         0
                text0                               C42      C42      694         0
                cinit                              30FA     30FA       4C         0
                idataCOMRAM                        35A6     35A6        6         0

        CLASS   CONST          

        CLASS   SMALLCONST     

        CLASS   MEDIUMCONST    
                mediumconst                        FE68     FE68      198         0

        CLASS   COMRAM         
                temp                                 5F       5F        1         1
                cstackCOMRAM                          1        1       36         1
                dataCOMRAM                           59       59        6         1
                bssCOMRAM                            37       37       16         1
                nvCOMRAM                             4D       4D        C         1

        CLASS   ABS1           

        CLASS   BIGRAM         

        CLASS   RAM            

        CLASS   BANK0          
                cstackBANK0                          80       80       73         1
                bssBANK0                             F3       F3        2         1

        CLASS   BANK1          
                cstackBANK1                         100      100       65         1
                bssBANK1                            165      165       20         1
                nvBANK1                             185      185        3         1

        CLASS   BANK2          

        CLASS   BANK3          

        CLASS   BANK4          

        CLASS   BANK5          

        CLASS   BANK6          

        CLASS   BANK7          

        CLASS   BANK8          

        CLASS   BANK9          

        CLASS   BANK10         

        CLASS   BANK11         

        CLASS   BANK12         

        CLASS   BANK13         

        CLASS   BANK14         

        CLASS   BANK15         

        CLASS   SFR            

        CLASS   CONFIG         
                config                           300000   300000        E         4

        CLASS   IDLOC          
                idloc                            200000   200000        8         5

        CLASS   FARRAM         

        CLASS   EEDATA         



SEGMENTS        Name                           Load    Length   Top    Selector   Space  Class

                reset_vec                      000000  000004  000004         0       0  CODE    
                cstackCOMRAM                   000001  00005F  000060         1       1  COMRAM  
                intcode                        000008  0035A4  0035AC         4       0  CODE    
                cstackBANK0                    000080  000075  0000F5        80       1  BANK0   
                cstackBANK1                    000100  000088  000188       100       1  BANK1   
                mediumconst                    00FE68  000198  010000      7F34       0  MEDIUMCO


UNUSED ADDRESS RANGES

        Name                Unused          Largest block    Delta
        BANK0            0000F5-0000FF                B
        BANK1            000188-0001FF               78
        BANK10           000A00-000AFF              100
        BANK11           000B00-000BFF              100
        BANK12           000C00-000CFF              100
        BANK13           000D00-000DFF              100
        BANK14           000E00-000EFF              100
        BANK15           000F00-000F7F               80
        BANK2            000200-0002FF              100
        BANK3            000300-0003FF              100
        BANK4            000400-0004FF              100
        BANK5            000500-0005FF              100
        BANK6            000600-0006FF              100
        BANK7            000700-0007FF              100
        BANK8            000800-0008FF              100
        BANK9            000900-0009FF              100
        BIGRAM           000060-00007F               20
                         0000F5-0000FF                B
                         000188-000F7F              DF8
        CODE             000004-000007                4
                         0035AC-00FE67             C8BC
        COMRAM           000060-00007F               20
        CONST            000004-000007                4
                         0035AC-00FE67             C8BC
        EEDATA           F00000-F003FF              400
        MEDIUMCONST      0035AC-00FE67             C8BC
        RAM              0000F5-0000FF                B
                         000188-000F7F              100
        SFR              000F80-000FFF               80
        SMALLCONST       0035AC-00FE67              100
        STACK            000188-000F7F              DF8

                                  Symbol Table

?___awdiv                             cstackBANK0  000086
?___awmod                             cstackBANK0  000080
?___awtoft                            cstackBANK0  000088
?___ftadd                             cstackBANK0  0000BE
?___ftdiv                             cstackBANK0  00008C
?___ftmul                             cstackBANK0  0000A4
?___ftneg                             cstackBANK0  000080
?___ftpack                            cstackBANK0  000080
?___ftsub                             cstackBANK0  0000CA
?___fttol                             cstackBANK0  0000CA
?___lldiv                             cstackBANK0  000080
?___llmod                             cstackBANK0  00008D
?___lltoft                            cstackBANK0  000088
?___lwtoft                            cstackBANK0  000088
?___wmul                              cstackBANK0  000080
?__div_to_l_                          cstackBANK0  000080
?__tdiv_to_l_                         cstackBANK0  000080
?_fround                              cstackBANK0  0000B3
?_read_adc_raw_no_lib                 cstackBANK0  000080
?_read_adc_voltage                    cstackBANK0  00009B
?_scale                               cstackBANK0  0000B3
?_sprintf                             cstackBANK0  0000D9
?i2___ftadd                           cstackCOMRAM 000009
?i2___ftdiv                           cstackCOMRAM 00001B
?i2___ftmul                           cstackCOMRAM 00000C
?i2___ftpack                          cstackCOMRAM 000001
?i2___ftsub                           cstackCOMRAM 000015
?i2___fttol                           cstackCOMRAM 000015
?i2___lwtoft                          cstackCOMRAM 000009
_ADCON0                               (abs)        000FC2
_ADCON0bits                           (abs)        000FC2
_ADCON1                               (abs)        000FC1
_ADCON2                               (abs)        000FC0
_ADRESH                               (abs)        000FC4
_ADRESL                               (abs)        000FC3
_BAUDCONbits                          (abs)        000FB8
_Buffer                               bssBANK1     000165
_CCP1CON                              (abs)        000FBD
_CCP1CONbits                          (abs)        000FBD
_CCPR1L                               (abs)        000FBE
_HS                                   bssCOMRAM    00004B
_INTCON2                              (abs)        000FF1
_INTCON2bits                          (abs)        000FF1
_INTCON3                              (abs)        000FF0
_INTCON3bits                          (abs)        000FF0
_INTCONbits                           (abs)        000FF2
_IPR2bits                             (abs)        000FA2
_LCD_INIT_STRING                      dataCOMRAM   000059
_OT                                   nvBANK1      000185
_PIE1                                 (abs)        000F9D
_PIE2bits                             (abs)        000FA0
_PIR1bits                             (abs)        000F9E
_PIR2bits                             (abs)        000FA1
_PORTCbits                            (abs)        000F82
_PORTD                                (abs)        000F83
_PORTEbits                            (abs)        000F84
_PR2                                  (abs)        000FCB
_RCONbits                             (abs)        000FD0
_RCREG                                (abs)        000FAE
_RCSTA                                (abs)        000FAB
_RCSTAbits                            (abs)        000FAB
_RPS_count                            bssCOMRAM    000041
_RT                                   nvCOMRAM     000050
_SP                                   nvCOMRAM     000053
_SPBRG                                (abs)        000FAF
_SPBRGH                               (abs)        000FB0
_T1CONbits                            (abs)        000FCD
_T2CON                                (abs)        000FCA
_T2CONbits                            (abs)        000FCA
_T3CONbits                            (abs)        000FB1
_TMR1H                                (abs)        000FCF
_TMR1L                                (abs)        000FCE
_TMR3H                                (abs)        000FB3
_TMR3L                                (abs)        000FB2
_TRISA                                (abs)        000F92
_TRISB                                (abs)        000F93
_TRISC                                (abs)        000F94
_TRISCbits                            (abs)        000F94
_TRISD                                (abs)        000F95
_TRISE                                (abs)        000F96
_TXREG                                (abs)        000FAD
_TXSTA                                (abs)        000FAC
_TXSTAbits                            (abs)        000FAC
__HRAM                                (abs)        000000
__Habs1                               abs1         000000
__Hbank0                              bank0        000000
__Hbank1                              bank1        000000
__Hbank10                             bank10       000000
__Hbank11                             bank11       000000
__Hbank12                             bank12       000000
__Hbank13                             bank13       000000
__Hbank14                             bank14       000000
__Hbank15                             bank15       000000
__Hbank2                              bank2        000000
__Hbank3                              bank3        000000
__Hbank4                              bank4        000000
__Hbank5                              bank5        000000
__Hbank6                              bank6        000000
__Hbank7                              bank7        000000
__Hbank8                              bank8        000000
__Hbank9                              bank9        000000
__Hbigbss                             bigbss       000000
__Hbigdata                            bigdata      000000
__Hbigram                             bigram       000000
__Hbss                                bss          000000
__HbssBANK0                           bssBANK0     000000
__HbssBANK1                           bssBANK1     000000
__HbssCOMRAM                          bssCOMRAM    000000
__Hcinit                              cinit        000000
__Hclrtext                            clrtext      000000
__Hcomram                             comram       000000
__Hconfig                             config       30000E
__Hconst                              const        000000
__HcstackBANK0                        cstackBANK0  000000
__HcstackBANK1                        cstackBANK1  000000
__HcstackCOMRAM                       cstackCOMRAM 000000
__Hdata                               data         000000
__HdataCOMRAM                         dataCOMRAM   000000
__Heeprom_data                        eeprom_data  000000
__Hfarbss                             farbss       000000
__Hfardata                            fardata      000000
__Hibigdata                           ibigdata     000000
__Hidata                              idata        000000
__HidataCOMRAM                        idataCOMRAM  000000
__Hidloc                              idloc        200008
__Hifardata                           ifardata     000000
__Hinit                               init         000012
__Hintcode                            intcode      00000E
__Hintcode_body                       intcode_body 000000
__Hintcodelo                          intcodelo    00000E
__Hintentry                           intentry     000000
__Hintret                             intret       000000
__Hintsave_regs                       intsave_regs 000000
__Hirdata                             irdata       000000
__Hmediumconst                        mediumconst  010000
__HnvBANK1                            nvBANK1      000000
__HnvCOMRAM                           nvCOMRAM     000000
__HnvFARRAM                           nvFARRAM     000000
__Hnvbit                              nvbit        000000
__Hnvrram                             nvrram       000000
__Hparam                              rparam       000000
__Hpowerup                            powerup      00000E
__Hram                                ram          000000
__Hramtop                             ramtop       001000
__Hrbit                               rbit         000000
__Hrbss                               rbss         000000
__Hrdata                              rdata        000000
__Hreset_vec                          reset_vec    000004
__Hrparam                             rparam       000000
__Hsfr                                sfr          000000
__Hsmallconst                         smallconst   000000
__Hspace_0                            (abs)        010000
__Hspace_1                            (abs)        000188
__Hspace_2                            (abs)        000000
__Hspace_4                            (abs)        60000E
__Hstack                              stack        000000
__Hstruct                             struct       000000
__Htemp                               temp         000060
__Htext                               text         000000
__Htext0                              text0        000000
__Htext1                              text1        000000
__Htext10                             text10       000000
__Htext11                             text11       000000
__Htext12                             text12       000000
__Htext13                             text13       000000
__Htext14                             text14       000000
__Htext15                             text15       000000
__Htext16                             text16       000000
__Htext17                             text17       000000
__Htext18                             text18       000000
__Htext19                             text19       000000
__Htext2                              text2        000000
__Htext20                             text20       000000
__Htext21                             text21       000000
__Htext22                             text22       000000
__Htext23                             text23       000000
__Htext24                             text24       000000
__Htext25                             text25       000000
__Htext26                             text26       000000
__Htext27                             text27       000000
__Htext28                             text28       000000
__Htext29                             text29       000000
__Htext3                              text3        000000
__Htext30                             text30       000000
__Htext31                             text31       000000
__Htext32                             text32       000000
__Htext33                             text33       000000
__Htext34                             text34       000000
__Htext35                             text35       000000
__Htext36                             text36       000000
__Htext37                             text37       000000
__Htext38                             text38       000000
__Htext39                             text39       000000
__Htext4                              text4        000000
__Htext40                             text40       000000
__Htext41                             text41       000000
__Htext42                             text42       000000
__Htext43                             text43       000000
__Htext44                             text44       000000
__Htext45                             text45       000000
__Htext46                             text46       000000
__Htext47                             text47       000000
__Htext49                             text49       000000
__Htext5                              text5        000000
__Htext50                             text50       000000
__Htext51                             text51       000000
__Htext52                             text52       000000
__Htext53                             text53       000000
__Htext54                             text54       000000
__Htext55                             text55       000000
__Htext56                             text56       000000
__Htext57                             text57       000000
__Htext58                             text58       000000
__Htext59                             text59       000000
__Htext6                              text6        000000
__Htext60                             text60       000000
__Htext61                             text61       000000
__Htext62                             text62       000000
__Htext63                             text63       000000
__Htext64                             text64       000000
__Htext65                             text65       000000
__Htext66                             text66       000000
__Htext7                              text7        000000
__Htext8                              text8        000000
__Htext9                              text9        000000
__LRAM                                (abs)        000001
__Labs1                               abs1         000000
__Lbank0                              bank0        000000
__Lbank1                              bank1        000000
__Lbank10                             bank10       000000
__Lbank11                             bank11       000000
__Lbank12                             bank12       000000
__Lbank13                             bank13       000000
__Lbank14                             bank14       000000
__Lbank15                             bank15       000000
__Lbank2                              bank2        000000
__Lbank3                              bank3        000000
__Lbank4                              bank4        000000
__Lbank5                              bank5        000000
__Lbank6                              bank6        000000
__Lbank7                              bank7        000000
__Lbank8                              bank8        000000
__Lbank9                              bank9        000000
__Lbigbss                             bigbss       000000
__Lbigdata                            bigdata      000000
__Lbigram                             bigram       000000
__Lbss                                bss          000000
__LbssBANK0                           bssBANK0     000000
__LbssBANK1                           bssBANK1     000000
__LbssCOMRAM                          bssCOMRAM    000000
__Lcinit                              cinit        000000
__Lclrtext                            clrtext      000000
__Lcomram                             comram       000000
__Lconfig                             config       000000
__Lconst                              const        000000
__LcstackBANK0                        cstackBANK0  000000
__LcstackBANK1                        cstackBANK1  000000
__LcstackCOMRAM                       cstackCOMRAM 000000
__Ldata                               data         000000
__LdataCOMRAM                         dataCOMRAM   000000
__Leeprom_data                        eeprom_data  000000
__Lfarbss                             farbss       000000
__Lfardata                            fardata      000000
__Libigdata                           ibigdata     000000
__Lidata                              idata        000000
__LidataCOMRAM                        idataCOMRAM  000000
__Lidloc                              idloc        000000
__Lifardata                           ifardata     000000
__Linit                               init         00000E
__Lintcode                            intcode      000008
__Lintcode_body                       intcode_body 000000
__Lintcodelo                          intcodelo    00000E
__Lintentry                           intentry     000000
__Lintret                             intret       000000
__Lintsave_regs                       intsave_regs 000000
__Lirdata                             irdata       000000
__Lmediumconst                        mediumconst  00FE68
__LnvBANK1                            nvBANK1      000000
__LnvCOMRAM                           nvCOMRAM     000000
__LnvFARRAM                           nvFARRAM     000000
__Lnvbit                              nvbit        000000
__Lnvrram                             nvrram       000000
__Lparam                              rparam       000000
__Lpowerup                            powerup      00000E
__Lram                                ram          000000
__Lramtop                             ramtop       001000
__Lrbit                               rbit         000000
__Lrbss                               rbss         000000
__Lrdata                              rdata        000000
__Lreset_vec                          reset_vec    000000
__Lrparam                             rparam       000000
__Lsfr                                sfr          000000
__Lsmallconst                         smallconst   000000
__Lspace_0                            (abs)        000000
__Lspace_1                            (abs)        000000
__Lspace_2                            (abs)        000000
__Lspace_4                            (abs)        000000
__Lstack                              stack        000000
__Lstruct                             struct       000000
__Ltemp                               temp         00005F
__Ltext                               text         000000
__Ltext0                              text0        000000
__Ltext1                              text1        000000
__Ltext10                             text10       000000
__Ltext11                             text11       000000
__Ltext12                             text12       000000
__Ltext13                             text13       000000
__Ltext14                             text14       000000
__Ltext15                             text15       000000
__Ltext16                             text16       000000
__Ltext17                             text17       000000
__Ltext18                             text18       000000
__Ltext19                             text19       000000
__Ltext2                              text2        000000
__Ltext20                             text20       000000
__Ltext21                             text21       000000
__Ltext22                             text22       000000
__Ltext23                             text23       000000
__Ltext24                             text24       000000
__Ltext25                             text25       000000
__Ltext26                             text26       000000
__Ltext27                             text27       000000
__Ltext28                             text28       000000
__Ltext29                             text29       000000
__Ltext3                              text3        000000
__Ltext30                             text30       000000
__Ltext31                             text31       000000
__Ltext32                             text32       000000
__Ltext33                             text33       000000
__Ltext34                             text34       000000
__Ltext35                             text35       000000
__Ltext36                             text36       000000
__Ltext37                             text37       000000
__Ltext38                             text38       000000
__Ltext39                             text39       000000
__Ltext4                              text4        000000
__Ltext40                             text40       000000
__Ltext41                             text41       000000
__Ltext42                             text42       000000
__Ltext43                             text43       000000
__Ltext44                             text44       000000
__Ltext45                             text45       000000
__Ltext46                             text46       000000
__Ltext47                             text47       000000
__Ltext49                             text49       000000
__Ltext5                              text5        000000
__Ltext50                             text50       000000
__Ltext51                             text51       000000
__Ltext52                             text52       000000
__Ltext53                             text53       000000
__Ltext54                             text54       000000
__Ltext55                             text55       000000
__Ltext56                             text56       000000
__Ltext57                             text57       000000
__Ltext58                             text58       000000
__Ltext59                             text59       000000
__Ltext6                              text6        000000
__Ltext60                             text60       000000
__Ltext61                             text61       000000
__Ltext62                             text62       000000
__Ltext63                             text63       000000
__Ltext64                             text64       000000
__Ltext65                             text65       000000
__Ltext66                             text66       000000
__Ltext7                              text7        000000
__Ltext8                              text8        000000
__Ltext9                              text9        000000
__S0                                  (abs)        010000
__S1                                  (abs)        000188
__S2                                  (abs)        000000
__S4                                  (abs)        000000
__S5                                  (abs)        000000
___awdiv                              text19       002BB4
___awdiv@counter                      cstackBANK0  00008A
___awdiv@dividend                     cstackBANK0  000086
___awdiv@divisor                      cstackBANK0  000088
___awdiv@quotient                     cstackBANK0  00008C
___awdiv@sign                         cstackBANK0  00008B
___awmod                              text18       002DA4
___awmod@counter                      cstackBANK0  000084
___awmod@dividend                     cstackBANK0  000080
___awmod@divisor                      cstackBANK0  000082
___awmod@sign                         cstackBANK0  000085
___awtoft                             text8        003286
___awtoft@c                           cstackBANK0  000088
___awtoft@sign                        cstackBANK0  00008B
___ftadd                              text38       001BF0
___ftadd@exp1                         cstackBANK0  0000C9
___ftadd@exp2                         cstackBANK0  0000C8
___ftadd@f1                           cstackBANK0  0000BE
___ftadd@f2                           cstackBANK0  0000C1
___ftadd@sign                         cstackBANK0  0000C7
___ftdiv                              text37       0025B4
___ftdiv@cntr                         cstackBANK0  000095
___ftdiv@exp                          cstackBANK0  000099
___ftdiv@f1                           cstackBANK0  00008C
___ftdiv@f2                           cstackBANK0  00008F
___ftdiv@f3                           cstackBANK0  000096
___ftdiv@sign                         cstackBANK0  00009A
___ftge                               text32       002CBC
___ftge@ff1                           cstackBANK0  0000D0
___ftge@ff2                           cstackBANK0  0000D3
___ftmul                              text36       0023CC
___ftmul@cntr                         cstackBANK0  0000B1
___ftmul@exp                          cstackBANK0  0000AD
___ftmul@f1                           cstackBANK0  0000A4
___ftmul@f2                           cstackBANK0  0000A7
___ftmul@f3_as_product                cstackBANK0  0000AE
___ftmul@sign                         cstackBANK0  0000B2
___ftneg                              text31       0033C8
___ftneg@f1                           cstackBANK0  000080
___ftpack                             text47       002928
___ftpack@arg                         cstackBANK0  000080
___ftpack@exp                         cstackBANK0  000083
___ftpack@sign                        cstackBANK0  000084
___ftsub                              text30       00318A
___ftsub@f1                           cstackBANK0  0000CA
___ftsub@f2                           cstackBANK0  0000CD
___fttol                              text35       002780
___fttol@exp1                         cstackBANK0  0000D8
___fttol@f1                           cstackBANK0  0000CA
___fttol@lval                         cstackBANK0  0000D4
___fttol@sign1                        cstackBANK0  0000D3
___inthi_sp                           stack        000000
___intlo_sp                           stack        000000
___lbdiv                              text23       00324A
___lbdiv@counter                      cstackBANK0  000086
___lbdiv@dividend                     cstackBANK0  000085
___lbdiv@divisor                      cstackBANK0  000084
___lbdiv@quotient                     cstackBANK0  000087
___lbmod                              text22       00334E
___lbmod@counter                      cstackBANK0  000082
___lbmod@dividend                     cstackBANK0  000081
___lbmod@divisor                      cstackBANK0  000080
___lbmod@rem                          cstackBANK0  000083
___lldiv                              text29       002C38
___lldiv@counter                      cstackBANK0  00008C
___lldiv@dividend                     cstackBANK0  000080
___lldiv@divisor                      cstackBANK0  000084
___lldiv@quotient                     cstackBANK0  000088
___llmod                              text28       002E7E
___llmod@counter                      cstackBANK0  000095
___llmod@dividend                     cstackBANK0  00008D
___llmod@divisor                      cstackBANK0  000091
___lltoft                             text27       002F42
___lltoft@c                           cstackBANK0  000088
___lltoft@exp                         cstackBANK0  000090
___lwtoft                             text46       003414
___lwtoft@c                           cstackBANK0  000088
___param_bank                         (abs)        000000
___rparam_used                        (abs)        000001
___sp                                 stack        000000
___wmul                               text26       0033A2
___wmul@multiplicand                  cstackBANK0  000082
___wmul@multiplier                    cstackBANK0  000080
___wmul@product                       cstackBANK0  000084
__accesstop                           (abs)        000080
__activetblptr                        (abs)        000002
__div_to_l_                           text25       0022D6
__div_to_l_@cntr                      cstackBANK0  00008A
__div_to_l_@exp1                      cstackBANK0  00008B
__div_to_l_@f1                        cstackBANK0  000080
__div_to_l_@f2                        cstackBANK0  000083
__div_to_l_@quot                      cstackBANK0  000086
__end_of___awdiv                      text19       002C38
__end_of___awmod                      text18       002E14
__end_of___awtoft                     text8        0032BE
__end_of___ftadd                      text38       001D98
__end_of___ftdiv                      text37       00269A
__end_of___ftge                       text32       002D30
__end_of___ftmul                      text36       0024C0
__end_of___ftneg                      text31       0033EE
__end_of___ftpack                     text47       0029D6
__end_of___ftsub                      text30       0031CC
__end_of___fttol                      text35       002856
__end_of___lbdiv                      text23       003286
__end_of___lbmod                      text22       00337A
__end_of___lldiv                      text29       002CBC
__end_of___llmod                      text28       002EE6
__end_of___lltoft                     text27       002F9E
__end_of___lwtoft                     text46       00343A
__end_of___wmul                       text26       0033C8
__end_of__div_to_l_                   text25       0023CC
__end_of__initialization              cinit        003138
__end_of__npowers_                    mediumconst  00FEB7
__end_of__powers_                     mediumconst  00FE90
__end_of__tdiv_to_l_                  text24       0022D6
__end_of_autoCool                     text15       0020D6
__end_of_autoHeat                     text14       001BF0
__end_of_changeOperationMode          text66       0034C0
__end_of_decrementHS                  text65       003590
__end_of_decrementPercentCoolCounter  text64       003580
__end_of_decrementPercentHeatCounter  text63       003560
__end_of_delay_cycles                 text44       0032F2
__end_of_delay_ms                     text45       0033A2
__end_of_dpowers                      mediumconst  00FEDF
__end_of_fround                       text21       001A42
__end_of_highIsr                      intcode_body 00185A
__end_of_incrementHS                  text62       00354E
__end_of_incrementPercentCoolCounter  text61       00353C
__end_of_incrementPercentHeatCounter  text60       003506
__end_of_init                         text12       0021D8
__end_of_init_adc_no_lib              text11       00359C
__end_of_init_pwm1                    text13       003570
__end_of_is_byte_available            text10       0034F2
__end_of_isdigit                      text20       003480
__end_of_lcd_gotoxy                   text41       00318A
__end_of_lcd_init                     text9        002F42
__end_of_lcd_putc                     text40       002FFA
__end_of_lcd_puts                     text39       0030AA
__end_of_lcd_send_byte                text42       0030FA
__end_of_lcd_send_nibble              text43       003414
__end_of_main                         text0        0012D6
__end_of_read_adc_raw_no_lib          text7        00324A
__end_of_read_adc_voltage             text6        002E7E
__end_of_read_byte_no_lib             text5        0035A6
__end_of_restartTimer3                text59       00352A
__end_of_scale                        text17       001642
__end_of_send_byte_no_lib             text4        003518
__end_of_send_string_no_lib           text3        003052
__end_of_set_pwm1_percent             text33       002B1C
__end_of_set_pwm1_raw                 text34       003320
__end_of_setupPorts                   text2        0034DA
__end_of_setupSerial                  text1        0034A0
__end_of_sprintf                      text16       000C42
__end_ofi2___ftadd                    text56       001F40
__end_ofi2___ftdiv                    text53       002780
__end_ofi2___ftge                     text58       002DA4
__end_ofi2___ftmul                    text52       0025B4
__end_ofi2___ftpack                   text57       002A84
__end_ofi2___ftsub                    text55       00320C
__end_ofi2___fttol                    text51       002928
__end_ofi2___lwtoft                   text54       00345E
__end_ofi2_set_pwm1_percent           text49       002BB4
__end_ofi2_set_pwm1_raw               text50       00334E
__initialization                      cinit        0030FA
__mediumconst                         mediumconst  00FE68
__npowers_                            mediumconst  00FE90
__pbssBANK0                           bssBANK0     0000F3
__pbssBANK1                           bssBANK1     000165
__pbssCOMRAM                          bssCOMRAM    000037
__pcinit                              cinit        0030FA
__pcstackBANK0                        cstackBANK0  000080
__pcstackBANK1                        cstackBANK1  000100
__pcstackCOMRAM                       cstackCOMRAM 000001
__pdataCOMRAM                         dataCOMRAM   000059
__pidataCOMRAM                        idataCOMRAM  0035A6
__pintcode                            intcode      000008
__pintcode_body                       intcode_body 001642
__pmediumconst                        mediumconst  00FE68
__pnvBANK1                            nvBANK1      000185
__pnvCOMRAM                           nvCOMRAM     00004D
__powers_                             mediumconst  00FE69
__ptext0                              text0        000C42
__ptext1                              text1        003480
__ptext10                             text10       0034DA
__ptext11                             text11       003590
__ptext12                             text12       0020D6
__ptext13                             text13       003560
__ptext14                             text14       001A42
__ptext15                             text15       001F40
__ptext16                             text16       000012
__ptext17                             text17       0012D6
__ptext18                             text18       002DA4
__ptext19                             text19       002BB4
__ptext2                              text2        0034C0
__ptext20                             text20       00345E
__ptext21                             text21       00185A
__ptext22                             text22       00334E
__ptext23                             text23       00324A
__ptext24                             text24       0021D8
__ptext25                             text25       0022D6
__ptext26                             text26       0033A2
__ptext27                             text27       002F42
__ptext28                             text28       002E7E
__ptext29                             text29       002C38
__ptext3                              text3        002FFA
__ptext30                             text30       00318A
__ptext31                             text31       0033C8
__ptext32                             text32       002CBC
__ptext33                             text33       002A84
__ptext34                             text34       0032F2
__ptext35                             text35       002780
__ptext36                             text36       0023CC
__ptext37                             text37       0025B4
__ptext38                             text38       001BF0
__ptext39                             text39       003052
__ptext4                              text4        003506
__ptext40                             text40       002F9E
__ptext41                             text41       003146
__ptext42                             text42       0030AA
__ptext43                             text43       0033EE
__ptext44                             text44       0032BE
__ptext45                             text45       00337A
__ptext46                             text46       003414
__ptext47                             text47       002928
__ptext49                             text49       002B1C
__ptext5                              text5        00359C
__ptext50                             text50       003320
__ptext51                             text51       002856
__ptext52                             text52       0024C0
__ptext53                             text53       00269A
__ptext54                             text54       00343A
__ptext55                             text55       0031CC
__ptext56                             text56       001D98
__ptext57                             text57       0029D6
__ptext58                             text58       002D30
__ptext59                             text59       003518
__ptext6                              text6        002E14
__ptext60                             text60       0034F2
__ptext61                             text61       00352A
__ptext62                             text62       00353C
__ptext63                             text63       00354E
__ptext64                             text64       003570
__ptext65                             text65       003580
__ptext66                             text66       0034A0
__ptext7                              text7        00320C
__ptext8                              text8        003286
__ptext9                              text9        002EE6
__ramtop                              ramtop       001000
__size_of___awdiv                     (abs)        000000
__size_of___awmod                     (abs)        000000
__size_of___awtoft                    (abs)        000000
__size_of___ftadd                     (abs)        000000
__size_of___ftdiv                     (abs)        000000
__size_of___ftge                      (abs)        000000
__size_of___ftmul                     (abs)        000000
__size_of___ftneg                     (abs)        000000
__size_of___ftpack                    (abs)        000000
__size_of___ftsub                     (abs)        000000
__size_of___fttol                     (abs)        000000
__size_of___lbdiv                     (abs)        000000
__size_of___lbmod                     (abs)        000000
__size_of___lldiv                     (abs)        000000
__size_of___llmod                     (abs)        000000
__size_of___lltoft                    (abs)        000000
__size_of___lwtoft                    (abs)        000000
__size_of___wmul                      (abs)        000000
__size_of__div_to_l_                  (abs)        000000
__size_of__tdiv_to_l_                 (abs)        000000
__size_of_autoCool                    (abs)        000000
__size_of_autoHeat                    (abs)        000000
__size_of_changeOperationMode         (abs)        000000
__size_of_decrementHS                 (abs)        000000
__size_of_decrementPercentCoolCounter (abs)        000000
__size_of_decrementPercentHeatCounter (abs)        000000
__size_of_delay_cycles                (abs)        000000
__size_of_delay_ms                    (abs)        000000
__size_of_fround                      (abs)        000000
__size_of_highIsr                     (abs)        000000
__size_of_incrementHS                 (abs)        000000
__size_of_incrementPercentCoolCounter (abs)        000000
__size_of_incrementPercentHeatCounter (abs)        000000
__size_of_init                        (abs)        000000
__size_of_init_adc_no_lib             (abs)        000000
__size_of_init_pwm1                   (abs)        000000
__size_of_is_byte_available           (abs)        000000
__size_of_isdigit                     (abs)        000000
__size_of_lcd_gotoxy                  (abs)        000000
__size_of_lcd_init                    (abs)        000000
__size_of_lcd_putc                    (abs)        000000
__size_of_lcd_puts                    (abs)        000000
__size_of_lcd_send_byte               (abs)        000000
__size_of_lcd_send_nibble             (abs)        000000
__size_of_main                        (abs)        000000
__size_of_read_adc_raw_no_lib         (abs)        000000
__size_of_read_adc_voltage            (abs)        000000
__size_of_read_byte_no_lib            (abs)        000000
__size_of_restartTimer3               (abs)        000000
__size_of_scale                       (abs)        000000
__size_of_send_byte_no_lib            (abs)        000000
__size_of_send_string_no_lib          (abs)        000000
__size_of_set_pwm1_percent            (abs)        000000
__size_of_set_pwm1_raw                (abs)        000000
__size_of_setupPorts                  (abs)        000000
__size_of_setupSerial                 (abs)        000000
__size_of_sprintf                     (abs)        000000
__size_ofi2___ftadd                   (abs)        000000
__size_ofi2___ftdiv                   (abs)        000000
__size_ofi2___ftge                    (abs)        000000
__size_ofi2___ftmul                   (abs)        000000
__size_ofi2___ftpack                  (abs)        000000
__size_ofi2___ftsub                   (abs)        000000
__size_ofi2___fttol                   (abs)        000000
__size_ofi2___lwtoft                  (abs)        000000
__size_ofi2_set_pwm1_percent          (abs)        000000
__size_ofi2_set_pwm1_raw              (abs)        000000
__smallconst                          smallconst   000000
__tdiv_to_l_                          text24       0021D8
__tdiv_to_l_@cntr                     cstackBANK0  00008D
__tdiv_to_l_@exp1                     cstackBANK0  00008E
__tdiv_to_l_@f1                       cstackBANK0  000080
__tdiv_to_l_@f2                       cstackBANK0  000083
__tdiv_to_l_@quot                     cstackBANK0  000089
_autoCool                             text15       001F40
_autoCool$1109                        cstackBANK0  0000ED
_autoCool$2112                        cstackBANK0  0000EA
_autoHeat                             text14       001A42
_autoHeat$2113                        cstackBANK0  0000EA
_autoMode                             bssCOMRAM    000047
_changeOperationMode                  text66       0034A0
_clkMode                              bssCOMRAM    000039
_coolError                            nvCOMRAM     00004D
_decrementHS                          text65       003580
_decrementPercentCoolCounter          text64       003570
_decrementPercentHeatCounter          text63       00354E
_delay_cycles                         text44       0032BE
_delay_ms                             text45       00337A
_dpowers                              mediumconst  00FEB7
_fround                               text21       00185A
_fround$2117                          cstackBANK0  0000BA
_fround$2118                          cstackBANK0  0000B7
_heatError                            nvCOMRAM     000056
_highIsr                              intcode      000008
_highIsr$2194                         cstackCOMRAM 000034
_hours                                bssCOMRAM    00003B
_incrementHS                          text62       00353C
_incrementPercentCoolCounter          text61       00352A
_incrementPercentHeatCounter          text60       0034F2
_init                                 text12       0020D6
_init_adc_no_lib                      text11       003590
_init_pwm1                            text13       003560
_initial                              dataCOMRAM   00005D
_is_byte_available                    text10       0034DA
_isdigit                              text20       00345E
_isdigit$1870                         cstackBANK0  000081
_lcd                                  (abs)        000F83
_lcd_gotoxy                           text41       003146
_lcd_init                             text9        002EE6
_lcd_putc                             text40       002F9E
_lcd_puts                             text39       003052
_lcd_send_byte                        text42       0030AA
_lcd_send_nibble                      text43       0033EE
_main                                 text0        000C42
_main$1317                            cstackBANK1  00014C
_main$1321                            cstackBANK1  00014E
_main$1326                            cstackBANK1  000150
_main$1327                            cstackBANK1  000152
_main$1335                            cstackBANK1  000154
_main$1336                            cstackBANK1  000156
_main$1337                            cstackBANK1  000158
_main$1344                            cstackBANK1  00015A
_main$1345                            cstackBANK1  00015C
_main$1360                            cstackBANK1  00015E
_main$1361                            cstackBANK1  000160
_main$2115                            cstackBANK1  000148
_main$2116                            cstackBANK1  00014A
_minutes                              bssCOMRAM    00003D
_operationMode                        bssCOMRAM    000049
_percentCoolCounter                   bssCOMRAM    000045
_percentHeatCounter                   bssBANK0     0000F3
_read_adc_raw_no_lib                  text7        00320C
_read_adc_voltage                     text6        002E14
_read_byte_no_lib                     text5        00359C
_restartTimer3                        text59       003518
_scale                                text17       0012D6
_scale$2119                           cstackBANK0  0000B6
_seconds                              bssCOMRAM    00003F
_send_byte_no_lib                     text4        003506
_send_string_no_lib                   text3        002FFA
_set_pwm1_percent                     text33       002A84
_set_pwm1_raw                         text34       0032F2
_setupPorts                           text2        0034C0
_setupSerial                          text1        003480
_sprintf                              text16       000012
_sprintf$2120                         cstackBANK1  000100
_stpMode                              bssCOMRAM    000037
_timerCounter                         bssCOMRAM    000043
autoCool@value                        cstackBANK0  0000F0
btemp                                 temp         00005F
delay_cycles@n                        cstackBANK0  000083
delay_cycles@x                        cstackBANK0  000084
delay_ms@i                            cstackBANK0  000082
delay_ms@n                            cstackBANK0  000080
end_of_initialization                 cinit        003138
fround@prec                           cstackBANK0  0000BD
i2___ftadd                            text56       001D98
i2___ftadd@exp1                       cstackCOMRAM 000014
i2___ftadd@exp2                       cstackCOMRAM 000013
i2___ftadd@f1                         cstackCOMRAM 000009
i2___ftadd@f2                         cstackCOMRAM 00000C
i2___ftadd@sign                       cstackCOMRAM 000012
i2___ftdiv                            text53       00269A
i2___ftdiv@cntr                       cstackCOMRAM 000024
i2___ftdiv@exp                        cstackCOMRAM 000028
i2___ftdiv@f1                         cstackCOMRAM 00001B
i2___ftdiv@f2                         cstackCOMRAM 00001E
i2___ftdiv@f3                         cstackCOMRAM 000025
i2___ftdiv@sign                       cstackCOMRAM 000029
i2___ftge                             text58       002D30
i2___ftge@ff1                         cstackCOMRAM 00001B
i2___ftge@ff2                         cstackCOMRAM 00001E
i2___ftmul                            text52       0024C0
i2___ftmul@cntr                       cstackCOMRAM 000019
i2___ftmul@exp                        cstackCOMRAM 000015
i2___ftmul@f1                         cstackCOMRAM 00000C
i2___ftmul@f2                         cstackCOMRAM 00000F
i2___ftmul@f3_as_product              cstackCOMRAM 000016
i2___ftmul@sign                       cstackCOMRAM 00001A
i2___ftpack                           text57       0029D6
i2___ftpack@arg                       cstackCOMRAM 000001
i2___ftpack@exp                       cstackCOMRAM 000004
i2___ftpack@sign                      cstackCOMRAM 000005
i2___ftsub                            text55       0031CC
i2___ftsub@f1                         cstackCOMRAM 000015
i2___ftsub@f2                         cstackCOMRAM 000018
i2___fttol                            text51       002856
i2___fttol@exp1                       cstackCOMRAM 000023
i2___fttol@f1                         cstackCOMRAM 000015
i2___fttol@lval                       cstackCOMRAM 00001F
i2___fttol@sign1                      cstackCOMRAM 00001E
i2___lwtoft                           text54       00343A
i2___lwtoft@c                         cstackCOMRAM 000009
i2_set_pwm1_percent                   text49       002B1C
i2_set_pwm1_raw                       text50       003320
i2set_pwm1_percent@raw_val            cstackCOMRAM 000030
i2set_pwm1_percent@tmp                cstackCOMRAM 00002D
i2set_pwm1_percent@value              cstackCOMRAM 00002A
i2set_pwm1_raw@raw_value              cstackCOMRAM 000001
int$flags                             temp         00005F
int_func                              intcode_body 001642
intlevel0                             text         000000
intlevel1                             text         000000
intlevel2                             text         000000
intlevel3                             text         000000
isdigit@c                             cstackBANK0  000082
lcd_gotoxy@address                    cstackBANK0  00008C
lcd_gotoxy@x                          cstackBANK0  00008B
lcd_gotoxy@y                          cstackBANK0  00008A
lcd_init@i                            cstackBANK0  00008A
lcd_putc@c                            cstackBANK0  00008D
lcd_puts@s                            cstackBANK0  00008E
lcd_send_byte@cm_data                 cstackBANK0  000089
lcd_send_byte@n                       cstackBANK0  000088
lcd_send_nibble@n                     cstackBANK0  000087
main@AN                               cstackBANK1  00011C
main@Buffer                           cstackBANK1  000125
main@RecvedChar                       cstackBANK1  000163
main@SendToSerial                     cstackBANK1  000162
main@channel                          cstackBANK1  000164
main@voltage                          cstackBANK1  000145
read_adc_raw_no_lib@channel           cstackBANK0  000084
read_adc_raw_no_lib@raw_value         cstackBANK0  000085
read_adc_voltage@channel              cstackBANK0  0000A1
read_adc_voltage@raw_value            cstackBANK0  0000A2
read_adc_voltage@voltage              cstackBANK0  00009E
read_byte_no_lib@c                    cstackBANK0  000080
scale@scl                             cstackBANK0  0000B9
send_byte_no_lib@c                    cstackBANK0  000080
send_string_no_lib@p                  cstackBANK0  000081
set_pwm1_percent@raw_val              cstackBANK0  0000DF
set_pwm1_percent@tmp                  cstackBANK0  0000DC
set_pwm1_percent@value                cstackBANK0  0000D9
set_pwm1_raw@raw_value                cstackBANK0  000080
sprintf@ap                            cstackBANK1  000105
sprintf@c                             cstackBANK1  00011B
sprintf@cp                            cstackBANK1  000103
sprintf@eexp                          cstackBANK1  000110
sprintf@f                             cstackBANK0  0000DB
sprintf@flag                          cstackBANK1  000112
sprintf@fval                          cstackBANK1  000114
sprintf@len                           cstackBANK1  000106
sprintf@prec                          cstackBANK1  000119
sprintf@sp                            cstackBANK0  0000D9
sprintf@tmpval                        cstackBANK1  000108
sprintf@val                           cstackBANK1  00010C
sprintf@width                         cstackBANK1  000117
stackhi                               (abs)        000F7F
stacklo                               (abs)        000188
start                                 init         00000E
start_initialization                  cinit        0030FA
ttemp5                                temp         000060
ttemp6                                temp         000063
ttemp7                                temp         000067
wtemp8                                temp         000060


FUNCTION INFORMATION:

 *************** function _main *****************
 Defined at:
		line 528 in file "Main.c"
 Parameters:    Size  Location     Type
		None
 Auto vars:     Size  Location     Type
  Buffer         32   37[BANK1 ] unsigned char [32]
  AN              9   28[BANK1 ] float [3]
  voltage         3   69[BANK1 ] float 
  RPS             2    0        int 
  raw_val         2    0        int 
  channel         1  100[BANK1 ] unsigned char 
  RecvedChar      1   99[BANK1 ] unsigned char 
  SendToSerial    1   98[BANK1 ] unsigned char 
 Return value:  Size  Location     Type
                  1    wreg      void 
 Registers used:
		wreg, fsr0l, fsr0h, fsr2l, fsr2h, status,2, status,0, tblptrl, tblptrh, tblptru, prodl, prodh, cstack
 Tracked objects:
		On entry : 
		On exit  : 
		Unchanged: 
 Data sizes:     COMRAM   BANK0   BANK1   BANK2   BANK3   BANK4   BANK5   BANK6   BANK7   BANK8   BANK9  BANK10  BANK11  BANK12  BANK13  BANK14  BANK15
      Params:         0       0       0       0       0       0       0       0       0       0       0       0       0       0       0       0       0
      Locals:         0       0      73       0       0       0       0       0       0       0       0       0       0       0       0       0       0
      Temps:          0       0       0       0       0       0       0       0       0       0       0       0       0       0       0       0       0
      Totals:         0       0      73       0       0       0       0       0       0       0       0       0       0       0       0       0       0
Total ram usage:       73 bytes
 Hardware stack levels required when called:   11
 This function calls:
		___ftge
		___ftmul
		___ftsub
		___wmul
		_autoCool
		_autoHeat
		_init
		_init_adc_no_lib
		_init_pwm1
		_is_byte_available
		_lcd_gotoxy
		_lcd_init
		_lcd_putc
		_lcd_puts
		_read_adc_voltage
		_read_byte_no_lib
		_send_string_no_lib
		_setupPorts
		_setupSerial
		_sprintf
 This function is called by:
		Startup code after reset
 This function uses a non-reentrant model


 *************** function _setupSerial *****************
 Defined at:
		line 441 in file "Main.c"
 Parameters:    Size  Location     Type
		None
 Auto vars:     Size  Location     Type
  dummy           1    0        unsigned char 
 Return value:  Size  Location     Type
                  1    wreg      void 
 Registers used:
		wreg, status,2
 Tracked objects:
		On entry : 
		On exit  : 
		Unchanged: 
 Data sizes:     COMRAM   BANK0   BANK1   BANK2   BANK3   BANK4   BANK5   BANK6   BANK7   BANK8   BANK9  BANK10  BANK11  BANK12  BANK13  BANK14  BANK15
      Params:         0       0       0       0       0       0       0       0       0       0       0       0       0       0       0       0       0
      Locals:         0       1       0       0       0       0       0       0       0       0       0       0       0       0       0       0       0
      Temps:          0       0       0       0       0       0       0       0       0       0       0       0       0       0       0       0       0
      Totals:         0       1       0       0       0       0       0       0       0       0       0       0       0       0       0       0       0
Total ram usage:        1 bytes
 Hardware stack levels used:    1
 Hardware stack levels required when called:    4
 This function calls:
		Nothing
 This function is called by:
		_main
 This function uses a non-reentrant model


 *************** function _setupPorts *****************
 Defined at:
		line 458 in file "Main.c"
 Parameters:    Size  Location     Type
		None
 Auto vars:     Size  Location     Type
		None
 Return value:  Size  Location     Type
                  1    wreg      void 
 Registers used:
		wreg, status,2
 Tracked objects:
		On entry : 
		On exit  : 
		Unchanged: 
 Data sizes:     COMRAM   BANK0   BANK1   BANK2   BANK3   BANK4   BANK5   BANK6   BANK7   BANK8   BANK9  BANK10  BANK11  BANK12  BANK13  BANK14  BANK15
      Params:         0       0       0       0       0       0       0       0       0       0       0       0       0       0       0       0       0
      Locals:         0       0       0       0       0       0       0       0       0       0       0       0       0       0       0       0       0
      Temps:          0       0       0       0       0       0       0       0       0       0       0       0       0       0       0       0       0
      Totals:         0       0       0       0       0       0       0       0       0       0       0       0       0       0       0       0       0
Total ram usage:        0 bytes
 Hardware stack levels used:    1
 Hardware stack levels required when called:    4
 This function calls:
		Nothing
 This function is called by:
		_main
 This function uses a non-reentrant model


 *************** function _send_string_no_lib *****************
 Defined at:
		line 494 in file "Main.c"
 Parameters:    Size  Location     Type
  p               2    1[BANK0 ] PTR unsigned char 
		 -> main@Buffer(32), STR_4(41), 
 Auto vars:     Size  Location     Type
		None
 Return value:  Size  Location     Type
                  1    wreg      void 
 Registers used:
		wreg, fsr0l, fsr0h, status,2, status,0, tblptrl, tblptrh, tblptru, cstack
 Tracked objects:
		On entry : 
		On exit  : 
		Unchanged: 
 Data sizes:     COMRAM   BANK0   BANK1   BANK2   BANK3   BANK4   BANK5   BANK6   BANK7   BANK8   BANK9  BANK10  BANK11  BANK12  BANK13  BANK14  BANK15
      Params:         0       2       0       0       0       0       0       0       0       0       0       0       0       0       0       0       0
      Locals:         0       0       0       0       0       0       0       0       0       0       0       0       0       0       0       0       0
      Temps:          0       0       0       0       0       0       0       0       0       0       0       0       0       0       0       0       0
      Totals:         0       2       0       0       0       0       0       0       0       0       0       0       0       0       0       0       0
Total ram usage:        2 bytes
 Hardware stack levels used:    1
 Hardware stack levels required when called:    5
 This function calls:
		_send_byte_no_lib
 This function is called by:
		_main
 This function uses a non-reentrant model


 *************** function _send_byte_no_lib *****************
 Defined at:
		line 500 in file "Main.c"
 Parameters:    Size  Location     Type
  c               1    wreg     unsigned char 
 Auto vars:     Size  Location     Type
  c               1    0[BANK0 ] unsigned char 
 Return value:  Size  Location     Type
                  1    wreg      void 
 Registers used:
		wreg
 Tracked objects:
		On entry : 
		On exit  : 
		Unchanged: 
 Data sizes:     COMRAM   BANK0   BANK1   BANK2   BANK3   BANK4   BANK5   BANK6   BANK7   BANK8   BANK9  BANK10  BANK11  BANK12  BANK13  BANK14  BANK15
      Params:         0       0       0       0       0       0       0       0       0       0       0       0       0       0       0       0       0
      Locals:         0       1       0       0       0       0       0       0       0       0       0       0       0       0       0       0       0
[...]
Total ram usage:        8 bytes
 Hardware stack levels used:    1
 This function calls:
		Nothing
 This function is called by:
		i2___ftadd
		i2___ftdiv
		i2___ftmul
		i2___lwtoft
 This function uses a non-reentrant model


 *************** function i2___ftge *****************
 Defined at:
		line 4 in file "C:\Program Files\Microchip\xc8\v2.20\pic\sources\c90\common\ftge.c"
 Parameters:    Size  Location     Type
  ff1             3   26[COMRAM] float 
  ff2             3   29[COMRAM] float 
 Auto vars:     Size  Location     Type
		None
 Return value:  Size  Location     Type
		None               void
 Registers used:
		wreg, status,2, status,0
 Tracked objects:
		On entry : 
		On exit  : 
		Unchanged: 
 Data sizes:     COMRAM   BANK0   BANK1   BANK2   BANK3   BANK4   BANK5   BANK6   BANK7   BANK8   BANK9  BANK10  BANK11  BANK12  BANK13  BANK14  BANK15
      Params:         6       0       0       0       0       0       0       0       0       0       0       0       0       0       0       0       0
      Locals:         0       0       0       0       0       0       0       0       0       0       0       0       0       0       0       0       0
      Temps:          3       0       0       0       0       0       0       0       0       0       0       0       0       0       0       0       0
      Totals:         9       0       0       0       0       0       0       0       0       0       0       0       0       0       0       0       0
Total ram usage:        9 bytes
 Hardware stack levels used:    1
 This function calls:
		Nothing
 This function is called by:
		_highIsr
 This function uses a non-reentrant model


 *************** function _restartTimer3 *****************
 Defined at:
		line 114 in file "Main.c"
 Parameters:    Size  Location     Type
		None
 Auto vars:     Size  Location     Type
		None
 Return value:  Size  Location     Type
                  1    wreg      void 
 Registers used:
		wreg, status,2
 Tracked objects:
		On entry : 
		On exit  : 
		Unchanged: 
 Data sizes:     COMRAM   BANK0   BANK1   BANK2   BANK3   BANK4   BANK5   BANK6   BANK7   BANK8   BANK9  BANK10  BANK11  BANK12  BANK13  BANK14  BANK15
      Params:         0       0       0       0       0       0       0       0       0       0       0       0       0       0       0       0       0
      Locals:         0       0       0       0       0       0       0       0       0       0       0       0       0       0       0       0       0
      Temps:          0       0       0       0       0       0       0       0       0       0       0       0       0       0       0       0       0
      Totals:         0       0       0       0       0       0       0       0       0       0       0       0       0       0       0       0       0
Total ram usage:        0 bytes
 Hardware stack levels used:    1
 This function calls:
		Nothing
 This function is called by:
		_highIsr
 This function uses a non-reentrant model


 *************** function _incrementPercentHeatCounter *****************
 Defined at:
		line 290 in file "Main.c"
 Parameters:    Size  Location     Type
		None
 Auto vars:     Size  Location     Type
		None
 Return value:  Size  Location     Type
                  1    wreg      void 
 Registers used:
		wreg, status,2, status,0
 Tracked objects:
		On entry : 
		On exit  : 
		Unchanged: 
 Data sizes:     COMRAM   BANK0   BANK1   BANK2   BANK3   BANK4   BANK5   BANK6   BANK7   BANK8   BANK9  BANK10  BANK11  BANK12  BANK13  BANK14  BANK15
      Params:         0       0       0       0       0       0       0       0       0       0       0       0       0       0       0       0       0
      Locals:         0       0       0       0       0       0       0       0       0       0       0       0       0       0       0       0       0
      Temps:          0       0       0       0       0       0       0       0       0       0       0       0       0       0       0       0       0
      Totals:         0       0       0       0       0       0       0       0       0       0       0       0       0       0       0       0       0
Total ram usage:        0 bytes
 Hardware stack levels used:    1
 This function calls:
		Nothing
 This function is called by:
		_highIsr
 This function uses a non-reentrant model


 *************** function _incrementPercentCoolCounter *****************
 Defined at:
		line 297 in file "Main.c"
 Parameters:    Size  Location     Type
		None
 Auto vars:     Size  Location     Type
		None
 Return value:  Size  Location     Type
                  1    wreg      void 
 Registers used:
		wreg, status,2, status,0
 Tracked objects:
		On entry : 
		On exit  : 
		Unchanged: 
 Data sizes:     COMRAM   BANK0   BANK1   BANK2   BANK3   BANK4   BANK5   BANK6   BANK7   BANK8   BANK9  BANK10  BANK11  BANK12  BANK13  BANK14  BANK15
      Params:         0       0       0       0       0       0       0       0       0       0       0       0       0       0       0       0       0
      Locals:         0       0       0       0       0       0       0       0       0       0       0       0       0       0       0       0       0
      Temps:          0       0       0       0       0       0       0       0       0       0       0       0       0       0       0       0       0
      Totals:         0       0       0       0       0       0       0       0       0       0       0       0       0       0       0       0       0
Total ram usage:        0 bytes
 Hardware stack levels used:    1
 This function calls:
		Nothing
 This function is called by:
		_highIsr
 This function uses a non-reentrant model


 *************** function _incrementHS *****************
 Defined at:
		line 303 in file "Main.c"
 Parameters:    Size  Location     Type
		None
 Auto vars:     Size  Location     Type
		None
 Return value:  Size  Location     Type
                  1    wreg      void 
 Registers used:
		wreg, status,2, status,0
 Tracked objects:
		On entry : 
		On exit  : 
		Unchanged: 
 Data sizes:     COMRAM   BANK0   BANK1   BANK2   BANK3   BANK4   BANK5   BANK6   BANK7   BANK8   BANK9  BANK10  BANK11  BANK12  BANK13  BANK14  BANK15
      Params:         0       0       0       0       0       0       0       0       0       0       0       0       0       0       0       0       0
      Locals:         0       0       0       0       0       0       0       0       0       0       0       0       0       0       0       0       0
      Temps:          0       0       0       0       0       0       0       0       0       0       0       0       0       0       0       0       0
      Totals:         0       0       0       0       0       0       0       0       0       0       0       0       0       0       0       0       0
Total ram usage:        0 bytes
 Hardware stack levels used:    1
 This function calls:
		Nothing
 This function is called by:
		_highIsr
 This function uses a non-reentrant model


 *************** function _decrementPercentHeatCounter *****************
 Defined at:
		line 294 in file "Main.c"
 Parameters:    Size  Location     Type
		None
 Auto vars:     Size  Location     Type
		None
 Return value:  Size  Location     Type
                  1    wreg      void 
 Registers used:
		wreg, status,2, status,0
 Tracked objects:
		On entry : 
		On exit  : 
		Unchanged: 
 Data sizes:     COMRAM   BANK0   BANK1   BANK2   BANK3   BANK4   BANK5   BANK6   BANK7   BANK8   BANK9  BANK10  BANK11  BANK12  BANK13  BANK14  BANK15
      Params:         0       0       0       0       0       0       0       0       0       0       0       0       0       0       0       0       0
      Locals:         0       0       0       0       0       0       0       0       0       0       0       0       0       0       0       0       0
      Temps:          0       0       0       0       0       0       0       0       0       0       0       0       0       0       0       0       0
      Totals:         0       0       0       0       0       0       0       0       0       0       0       0       0       0       0       0       0
Total ram usage:        0 bytes
 Hardware stack levels used:    1
 This function calls:
		Nothing
 This function is called by:
		_highIsr
 This function uses a non-reentrant model


 *************** function _decrementPercentCoolCounter *****************
 Defined at:
		line 300 in file "Main.c"
 Parameters:    Size  Location     Type
		None
 Auto vars:     Size  Location     Type
		None
 Return value:  Size  Location     Type
                  1    wreg      void 
 Registers used:
		wreg, status,2, status,0
 Tracked objects:
		On entry : 
		On exit  : 
		Unchanged: 
 Data sizes:     COMRAM   BANK0   BANK1   BANK2   BANK3   BANK4   BANK5   BANK6   BANK7   BANK8   BANK9  BANK10  BANK11  BANK12  BANK13  BANK14  BANK15
      Params:         0       0       0       0       0       0       0       0       0       0       0       0       0       0       0       0       0
      Locals:         0       0       0       0       0       0       0       0       0       0       0       0       0       0       0       0       0
      Temps:          0       0       0       0       0       0       0       0       0       0       0       0       0       0       0       0       0
      Totals:         0       0       0       0       0       0       0       0       0       0       0       0       0       0       0       0       0
Total ram usage:        0 bytes
 Hardware stack levels used:    1
 This function calls:
		Nothing
 This function is called by:
		_highIsr
 This function uses a non-reentrant model


 *************** function _decrementHS *****************
 Defined at:
		line 306 in file "Main.c"
 Parameters:    Size  Location     Type
		None
 Auto vars:     Size  Location     Type
		None
 Return value:  Size  Location     Type
                  1    wreg      void 
 Registers used:
		wreg, status,2, status,0
 Tracked objects:
		On entry : 
		On exit  : 
		Unchanged: 
 Data sizes:     COMRAM   BANK0   BANK1   BANK2   BANK3   BANK4   BANK5   BANK6   BANK7   BANK8   BANK9  BANK10  BANK11  BANK12  BANK13  BANK14  BANK15
      Params:         0       0       0       0       0       0       0       0       0       0       0       0       0       0       0       0       0
      Locals:         0       0       0       0       0       0       0       0       0       0       0       0       0       0       0       0       0
      Temps:          0       0       0       0       0       0       0       0       0       0       0       0       0       0       0       0       0
      Totals:         0       0       0       0       0       0       0       0       0       0       0       0       0       0       0       0       0
Total ram usage:        0 bytes
 Hardware stack levels used:    1
 This function calls:
		Nothing
 This function is called by:
		_highIsr
 This function uses a non-reentrant model


 *************** function _changeOperationMode *****************
 Defined at:
		line 226 in file "Main.c"
 Parameters:    Size  Location     Type
		None
 Auto vars:     Size  Location     Type
		None
 Return value:  Size  Location     Type
                  1    wreg      void 
 Registers used:
		wreg, status,2, status,0
 Tracked objects:
		On entry : 
		On exit  : 
		Unchanged: 
 Data sizes:     COMRAM   BANK0   BANK1   BANK2   BANK3   BANK4   BANK5   BANK6   BANK7   BANK8   BANK9  BANK10  BANK11  BANK12  BANK13  BANK14  BANK15
      Params:         0       0       0       0       0       0       0       0       0       0       0       0       0       0       0       0       0
      Locals:         0       0       0       0       0       0       0       0       0       0       0       0       0       0       0       0       0
      Temps:          0       0       0       0       0       0       0       0       0       0       0       0       0       0       0       0       0
      Totals:         0       0       0       0       0       0       0       0       0       0       0       0       0       0       0       0       0
Total ram usage:        0 bytes
 Hardware stack levels used:    1
 This function calls:
		Nothing
 This function is called by:
		_highIsr
 This function uses a non-reentrant model



MODULE INFORMATION

Module		Function		Class		Link	Load	Size
C:\Program Files\Microchip\xc8\v2.20\pic\sources\c90\common\lbmod.c
		___lbmod       		CODE           	334E	0000	45

C:\Program Files\Microchip\xc8\v2.20\pic\sources\c90\common\lbmod.c estimated size: 45

C:\Program Files\Microchip\xc8\v2.20\pic\sources\c90\common\ftadd.c
		___ftadd       		CODE           	1BF0	0000	425

C:\Program Files\Microchip\xc8\v2.20\pic\sources\c90\common\ftadd.c estimated size: 425

C:\Program Files\Microchip\xc8\v2.20\pic\sources\c90\common\fldivl.c
		__div_to_l_    		CODE           	22D6	0000	247

C:\Program Files\Microchip\xc8\v2.20\pic\sources\c90\common\fldivl.c estimated size: 247

C:\Program Files\Microchip\xc8\v2.20\pic\sources\c90\common\__lldiv.c
		___lldiv       		CODE           	2C38	0000	133

C:\Program Files\Microchip\xc8\v2.20\pic\sources\c90\common\__lldiv.c estimated size: 133

C:\Program Files\Microchip\xc8\v2.20\pic\sources\c90\common\awtoft.c
		___awtoft      		CODE           	3286	0000	57

C:\Program Files\Microchip\xc8\v2.20\pic\sources\c90\common\awtoft.c estimated size: 57

C:\Program Files\Microchip\xc8\v2.20\pic\sources\c90\common\isdigit.c
		_isdigit       		CODE           	345E	0000	35

C:\Program Files\Microchip\xc8\v2.20\pic\sources\c90\common\isdigit.c estimated size: 35

C:\Program Files\Microchip\xc8\v2.20\pic\sources\c90\common\ftneg.c
		___ftneg       		CODE           	33C8	0000	39

C:\Program Files\Microchip\xc8\v2.20\pic\sources\c90\common\ftneg.c estimated size: 39

C:\Program Files\Microchip\xc8\v2.20\pic\sources\c90\common\ftsub.c
		___ftsub       		CODE           	318A	0000	67

C:\Program Files\Microchip\xc8\v2.20\pic\sources\c90\common\ftsub.c estimated size: 67

C:\Program Files\Microchip\xc8\v2.20\pic\sources\c90\common\float.c
		___ftpack      		CODE           	2928	0000	175

C:\Program Files\Microchip\xc8\v2.20\pic\sources\c90\common\float.c estimated size: 175

C:\Program Files\Microchip\xc8\v2.20\pic\sources\c90\common\lbdiv.c
		___lbdiv       		CODE           	324A	0000	61

C:\Program Files\Microchip\xc8\v2.20\pic\sources\c90\common\lbdiv.c estimated size: 61

C:\Program Files\Microchip\xc8\v2.20\pic\sources\c90\common\lwtoft.c
		___lwtoft      		CODE           	3414	0000	39

C:\Program Files\Microchip\xc8\v2.20\pic\sources\c90\common\lwtoft.c estimated size: 39

C:\Program Files\Microchip\xc8\v2.20\pic\sources\c90\common\lltoft.c
		___lltoft      		CODE           	2F42	0000	93

C:\Program Files\Microchip\xc8\v2.20\pic\sources\c90\common\lltoft.c estimated size: 93

C:\Program Files\Microchip\xc8\v2.20\pic\sources\c90\common\ftmul.c
		___ftmul       		CODE           	23CC	0000	245

C:\Program Files\Microchip\xc8\v2.20\pic\sources\c90\common\ftmul.c estimated size: 245

Main.c
		_set_pwm1_percent		CODE           	2A84	0000	153
		_autoHeat      		CODE           	1A42	0000	431
		_init          		CODE           	20D6	0000	259
		_init_adc_no_lib		CODE           	3590	0000	13
		_lcd_putc      		CODE           	2F9E	0000	93
		_lcd_puts      		CODE           	3052	0000	89
		_lcd_send_byte 		CODE           	30AA	0000	81
		_send_byte_no_lib		CODE           	3506	0000	19
		_restartTimer3 		CODE           	3518	0000	19
		_autoCool      		CODE           	1F40	0000	407
		_decrementPercentHeatCounter		CODE           	354E	0000	19
		_main          		CODE           	0C42	0000	1685
		_decrementPercentCoolCounter		CODE           	3570	0000	17
		_highIsr       		CODE           	0008	0000	543
		_read_adc_raw_no_lib		CODE           	320C	0000	63
		_incrementPercentHeatCounter		CODE           	34F2	0000	21
		_changeOperationMode		CODE           	34A0	0000	33
		_lcd_gotoxy    		CODE           	3146	0000	69
		_incrementPercentCoolCounter		CODE           	352A	0000	19
		_lcd_send_nibble		CODE           	33EE	0000	39
		_is_byte_available		CODE           	34DA	0000	25
		_read_byte_no_lib		CODE           	359C	0000	11
		_setupPorts    		CODE           	34C0	0000	27
		_decrementHS   		CODE           	3580	0000	17
		_delay_ms      		CODE           	337A	0000	41
		_init_pwm1     		CODE           	3560	0000	17
		_read_adc_voltage		CODE           	2E14	0000	107
		_setupSerial   		CODE           	3480	0000	33
		_send_string_no_lib		CODE           	2FFA	0000	89
		_set_pwm1_raw  		CODE           	32F2	0000	47
		_lcd_init      		CODE           	2EE6	0000	93
		_delay_cycles  		CODE           	32BE	0000	53
		_incrementHS   		CODE           	353C	0000	19

Main.c estimated size: 4651

C:\Program Files\Microchip\xc8\v2.20\pic\sources\c90\common\doprnt.c
		_scale         		CODE           	12D6	0000	877
		_sprintf       		CODE           	0012	0000	3121
		_fround        		CODE           	185A	0000	489

C:\Program Files\Microchip\xc8\v2.20\pic\sources\c90\common\doprnt.c estimated size: 4487

C:\Program Files\Microchip\xc8\v2.20\pic\sources\c90\common\awmod.c
		___awmod       		CODE           	2DA4	0000	113

C:\Program Files\Microchip\xc8\v2.20\pic\sources\c90\common\awmod.c estimated size: 113

shared
		i2___ftadd     		CODE           	1D98	0000	425
		i2___ftdiv     		CODE           	269A	0000	231
		__powers_      		MEDIUMCONST    	FE69	0000	40
		i2___fttol     		CODE           	2856	0000	211
		_dpowers       		MEDIUMCONST    	FEB7	0000	41
		i2___ftge      		CODE           	2D30	0000	117
		i2___lwtoft    		CODE           	343A	0000	37
		i2_set_pwm1_raw		CODE           	3320	0000	47
		i2___ftmul     		CODE           	24C0	0000	245
		__npowers_     		MEDIUMCONST    	FE90	0000	40
		i2___ftpack    		CODE           	29D6	0000	175
		__initialization		CODE           	30FA	0000	63
		i2___ftsub     		CODE           	31CC	0000	65
		i2_set_pwm1_percent		CODE           	2B1C	0000	153

shared estimated size: 1890

C:\Program Files\Microchip\xc8\v2.20\pic\sources\c90\common\ftdiv.c
		___ftdiv       		CODE           	25B4	0000	231

C:\Program Files\Microchip\xc8\v2.20\pic\sources\c90\common\ftdiv.c estimated size: 231

C:\Program Files\Microchip\xc8\v2.20\pic\sources\c90\common\llmod.c
		___llmod       		CODE           	2E7E	0000	105

C:\Program Files\Microchip\xc8\v2.20\pic\sources\c90\common\llmod.c estimated size: 105

C:\Program Files\Microchip\xc8\v2.20\pic\sources\c90\common\Umul16.c
		___wmul        		CODE           	33A2	0000	39

C:\Program Files\Microchip\xc8\v2.20\pic\sources\c90\common\Umul16.c estimated size: 39

C:\Program Files\Microchip\xc8\v2.20\pic\sources\c90\common\ftge.c
		___ftge        		CODE           	2CBC	0000	117

C:\Program Files\Microchip\xc8\v2.20\pic\sources\c90\common\ftge.c estimated size: 117

C:\Program Files\Microchip\xc8\v2.20\pic\sources\c90\common\ftdivl.c
		__tdiv_to_l_   		CODE           	21D8	0000	255

C:\Program Files\Microchip\xc8\v2.20\pic\sources\c90\common\ftdivl.c estimated size: 255

C:\Program Files\Microchip\xc8\v2.20\pic\sources\c90\common\fttol.c
		___fttol       		CODE           	2780	0000	215

C:\Program Files\Microchip\xc8\v2.20\pic\sources\c90\common\fttol.c estimated size: 215

C:\Program Files\Microchip\xc8\v2.20\pic\sources\c90\common\awdiv.c
		___awdiv       		CODE           	2BB4	0000	133

C:\Program Files\Microchip\xc8\v2.20\pic\sources\c90\common\awdiv.c estimated size: 133

